\BOOKMARK [1][-]{section.1}{\376\377\000I\000n\000t\000r\000o\000d\000u\000c\000t\000i\000o\000n}{}% 1
\BOOKMARK [1][-]{section.2}{\376\377\000R\000e\000l\000a\000t\000e\000d\000\040\000W\000o\000r\000k}{}% 2
\BOOKMARK [1][-]{section.3}{\376\377\000S\000e\000t\000u\000p}{}% 3
\BOOKMARK [2][-]{subsection.3.1}{\376\377\000S\000I\000\040\000o\000p\000e\000r\000a\000t\000i\000o\000n\000a\000l\000i\000z\000a\000t\000i\000o\000n}{section.3}% 4
\BOOKMARK [2][-]{subsection.3.2}{\376\377\000I\000n\000t\000e\000r\000v\000e\000n\000t\000i\000o\000n}{section.3}% 5
\BOOKMARK [2][-]{subsection.3.3}{\376\377\000M\000o\000d\000e\000l\000s\000\040\000a\000n\000d\000\040\000e\000v\000i\000d\000e\000n\000c\000e\000\040\000p\000o\000l\000i\000c\000y}{section.3}% 6
\BOOKMARK [1][-]{section.4}{\376\377\000H\000e\000a\000d\000-\000L\000e\000v\000e\000l\000\040\000S\000h\000i\000f\000t\000\040\000I\000n\000v\000a\000r\000i\000a\000n\000c\000e\000\040\000U\000n\000d\000e\000r\000\040\000I\000n\000t\000e\000r\000v\000e\000n\000t\000i\000o\000n}{}% 7
\BOOKMARK [1][-]{section.5}{\376\377\000B\000o\000u\000n\000d\000e\000d\000\040\000F\000u\000n\000c\000t\000i\000o\000n\000a\000l\000\040\000S\000e\000n\000s\000i\000t\000i\000v\000i\000t\000y\000\040\000U\000n\000d\000e\000r\000\040\000O\000f\000f\000s\000e\000t\000-\000S\000t\000r\000u\000c\000t\000u\000r\000e\000d\000\040\000P\000r\000o\000b\000e\000s}{}% 8
\BOOKMARK [1][-]{section.6}{\376\377\000S\000c\000o\000p\000e\000\040\000a\000n\000d\000\040\000R\000o\000b\000u\000s\000t\000n\000e\000s\000s\000\040\000B\000o\000u\000n\000d\000a\000r\000i\000e\000s}{}% 9
\BOOKMARK [1][-]{section.7}{\376\377\000D\000i\000s\000c\000u\000s\000s\000i\000o\000n}{}% 10
\BOOKMARK [1][-]{section.8}{\376\377\000B\000r\000o\000a\000d\000e\000r\000\040\000I\000m\000p\000a\000c\000t}{}% 11
\BOOKMARK [1][-]{section.9}{\376\377\000C\000o\000n\000c\000l\000u\000s\000i\000o\000n}{}% 12
\BOOKMARK [1][-]{appendix.A}{\376\377\000E\000x\000p\000e\000r\000i\000m\000e\000n\000t\000\040\0001\000:\000\040\000M\000e\000a\000s\000u\000r\000e\000m\000e\000n\000t\000\040\000o\000f\000\040\000s\000h\000i\000f\000t\000-\000i\000n\000v\000a\000r\000i\000a\000n\000t\000\040\000s\000t\000r\000u\000c\000t\000u\000r\000e}{}% 13
\BOOKMARK [2][-]{subsection.A.1}{\376\377\000S\000e\000t\000u\000p}{appendix.A}% 14
\BOOKMARK [2][-]{subsection.A.2}{\376\377\000D\000e\000t\000a\000i\000l\000e\000d\000\040\000r\000e\000s\000u\000l\000t\000s}{appendix.A}% 15
\BOOKMARK [1][-]{appendix.B}{\376\377\000E\000x\000p\000e\000r\000i\000m\000e\000n\000t\000\040\0002\000:\000\040\000C\000a\000u\000s\000a\000l\000\040\000f\000r\000e\000q\000u\000e\000n\000c\000y\000\040\000i\000n\000t\000e\000r\000v\000e\000n\000t\000i\000o\000n\000s}{}% 16
\BOOKMARK [2][-]{subsection.B.1}{\376\377\000S\000e\000t\000u\000p}{appendix.B}% 17
\BOOKMARK [2][-]{subsection.B.2}{\376\377\000D\000e\000t\000a\000i\000l\000e\000d\000\040\000r\000e\000s\000u\000l\000t\000s}{appendix.B}% 18
\BOOKMARK [1][-]{appendix.C}{\376\377\000E\000x\000p\000e\000r\000i\000m\000e\000n\000t\000\040\0003\000:\000\040\000M\000e\000c\000h\000a\000n\000i\000s\000t\000i\000c\000\040\000t\000h\000e\000o\000r\000y\000\040\000b\000a\000t\000t\000e\000r\000y}{}% 19
\BOOKMARK [2][-]{subsection.C.1}{\376\377\000S\000e\000t\000u\000p}{appendix.C}% 20
\BOOKMARK [1][-]{appendix.D}{\376\377\000E\000x\000p\000e\000r\000i\000m\000e\000n\000t\000\040\0003\000\040\000P\000h\000a\000s\000e\000\040\0002\000:\000\040\000A\000d\000j\000u\000d\000i\000c\000a\000t\000i\000o\000n\000\040\000l\000a\000y\000e\000r}{}% 21
\BOOKMARK [2][-]{subsection.D.1}{\376\377\000R\000e\000i\000n\000f\000o\000r\000c\000e\000m\000e\000n\000t\000\040\000a\000n\000a\000l\000y\000s\000e\000s\000\040\000\050\000R\0001\040\023\000R\0008\000\051}{appendix.D}% 22
\BOOKMARK [1][-]{appendix.E}{\376\377\000E\000x\000p\000e\000r\000i\000m\000e\000n\000t\000\040\0004\000:\000\040\000S\000I\000-\000g\000u\000i\000d\000e\000d\000\040\000f\000i\000n\000e\000-\000t\000u\000n\000i\000n\000g}{}% 23
\BOOKMARK [2][-]{subsection.E.1}{\376\377\000S\000e\000t\000u\000p}{appendix.E}% 24
\BOOKMARK [2][-]{subsection.E.2}{\376\377\000R\000e\000s\000u\000l\000t\000s}{appendix.E}% 25
\BOOKMARK [1][-]{appendix.F}{\376\377\000E\000x\000p\000e\000r\000i\000m\000e\000n\000t\000\040\0005\000:\000\040\000T\000o\000k\000e\000n\000i\000z\000e\000r\000\040\000e\000f\000f\000e\000c\000t\000\040\000a\000u\000d\000i\000t}{}% 26
\BOOKMARK [2][-]{subsection.F.1}{\376\377\000S\000e\000t\000u\000p}{appendix.F}% 27
\BOOKMARK [2][-]{subsection.F.2}{\376\377\000R\000e\000s\000u\000l\000t\000s}{appendix.F}% 28
\BOOKMARK [1][-]{appendix.G}{\376\377\000E\000x\000p\000e\000r\000i\000m\000e\000n\000t\000\040\0006\000:\000\040\000S\000I\000-\000g\000u\000i\000d\000e\000d\000\040\000k\000n\000o\000w\000l\000e\000d\000g\000e\000\040\000l\000o\000c\000a\000l\000i\000z\000a\000t\000i\000o\000n}{}% 29
\BOOKMARK [2][-]{subsection.G.1}{\376\377\000S\000e\000t\000u\000p}{appendix.G}% 30
\BOOKMARK [2][-]{subsection.G.2}{\376\377\000R\000e\000s\000u\000l\000t\000s}{appendix.G}% 31
\BOOKMARK [1][-]{appendix.H}{\376\377\000E\000x\000p\000e\000r\000i\000m\000e\000n\000t\000\040\0007\000:\000\040\000C\000S\000-\000i\000n\000s\000p\000i\000r\000e\000d\000\040\000f\000r\000a\000m\000e\000w\000o\000r\000k\000\040\000v\000a\000l\000i\000d\000a\000t\000i\000o\000n}{}% 32
\BOOKMARK [2][-]{subsection.H.1}{\376\377\000S\000e\000t\000u\000p}{appendix.H}% 33
\BOOKMARK [2][-]{subsection.H.2}{\376\377\000R\000e\000s\000u\000l\000t\000s}{appendix.H}% 34
\BOOKMARK [1][-]{appendix.I}{\376\377\000E\000x\000p\000e\000r\000i\000m\000e\000n\000t\000\040\0008\000:\000\040\000T\000o\000k\000e\000n\000i\000z\000e\000r\000\040\000a\000n\000a\000l\000y\000s\000i\000s\000\040\000v\000i\000a\000\040\000S\000I\000\040\000s\000t\000r\000u\000c\000t\000u\000r\000e}{}% 35
\BOOKMARK [2][-]{subsection.I.1}{\376\377\000S\000e\000t\000u\000p}{appendix.I}% 36
\BOOKMARK [2][-]{subsection.I.2}{\376\377\000R\000e\000s\000u\000l\000t\000s\000:\000\040\0008\000A}{appendix.I}% 37
\BOOKMARK [2][-]{subsection.I.3}{\376\377\000R\000e\000s\000u\000l\000t\000s\000:\000\040\0008\000B}{appendix.I}% 38
\BOOKMARK [1][-]{appendix.J}{\376\377\000S\000t\000a\000t\000i\000s\000t\000i\000c\000a\000l\000\040\000m\000e\000t\000h\000o\000d\000o\000l\000o\000g\000y}{}% 39
\BOOKMARK [1][-]{appendix.K}{\376\377\000C\000o\000m\000p\000u\000t\000e\000\040\000r\000e\000s\000o\000u\000r\000c\000e\000s}{}% 40
\BOOKMARK [1][-]{appendix.L}{\376\377\000C\000o\000m\000p\000l\000e\000t\000e\000d\000\040\000R\000o\000b\000u\000s\000t\000n\000e\000s\000s\000\040\000a\000n\000d\000\040\000A\000t\000t\000r\000i\000b\000u\000t\000i\000o\000n\000\040\000C\000o\000n\000t\000r\000o\000l\000s}{}% 41
\BOOKMARK [1][-]{appendix.M}{\376\377\000E\000x\000p\000l\000o\000r\000a\000t\000o\000r\000y\000\040\000C\000a\000u\000s\000a\000l\000\040\000P\000r\000o\000b\000e\000:\000\040\000S\000t\000a\000g\000e\000-\000S\000e\000n\000s\000i\000t\000i\000v\000e\000\040\000S\000I\000\040\000P\000r\000e\000t\000r\000a\000i\000n\000i\000n\000g}{}% 42
\BOOKMARK [2][-]{subsection.M.1}{\376\377\000M\000o\000t\000i\000v\000a\000t\000i\000o\000n}{appendix.M}% 43
\BOOKMARK [2][-]{subsection.M.2}{\376\377\000S\000e\000t\000u\000p}{appendix.M}% 44
\BOOKMARK [2][-]{subsection.M.3}{\376\377\000R\000e\000s\000u\000l\000t\000s}{appendix.M}% 45
\BOOKMARK [2][-]{subsection.M.4}{\376\377\000I\000n\000t\000e\000r\000p\000r\000e\000t\000a\000t\000i\000o\000n\000\040\000a\000n\000d\000\040\000S\000c\000o\000p\000e}{appendix.M}% 46
